// Jest Snapshot v1, https://goo.gl/fbAQLP

exports[`Table with data renders learn react link 1`] = `
<div>
  Loading...
</div>
`;
